// Jest Snapshot v1, https://goo.gl/fbAQLP

exports[`<Footer /> should render Footer 1`] = `
<DocumentFragment>
  <footer
    class="footer-container"
  >
    <ul
      class="footer-elements"
    >
      <li
        class="footer-element"
      >
        <span
          class="first-subpart"
        >
          netflix
        </span>
        <span
          class="second-subpart"
        >
          roulette
        </span>
      </li>
    </ul>
  </footer>
</DocumentFragment>
`;
